************* Module gam
C:233, 0: Line too long (207/200) (line-too-long)
C:243, 0: Line too long (225/200) (line-too-long)
C:251, 0: Line too long (265/200) (line-too-long)
C:255, 0: Line too long (246/200) (line-too-long)
C:257, 0: Line too long (221/200) (line-too-long)
C:258, 0: Line too long (270/200) (line-too-long)
C:284, 0: Line too long (206/200) (line-too-long)
C:1745, 0: Line too long (202/200) (line-too-long)
C:5885, 0: Line too long (202/200) (line-too-long)
C:5888, 0: Line too long (214/200) (line-too-long)
C:6739, 0: Line too long (209/200) (line-too-long)
C:10550, 0: Line too long (240/200) (line-too-long)
C:11075, 0: Line too long (244/200) (line-too-long)
C:11083, 0: Line too long (241/200) (line-too-long)
C:12193, 0: Line too long (221/200) (line-too-long)
C:13815, 0: Line too long (202/200) (line-too-long)
C:19888, 0: Line too long (201/200) (line-too-long)
C:26546, 0: Line too long (201/200) (line-too-long)
C:29073, 0: Line too long (228/200) (line-too-long)
C:  1, 0: Too many lines in module (34038/1000) (too-many-lines)
W:100, 0: Access to a protected member _FAILED_START_MESSAGE of a client class (protected-access)
W:109, 0: Access to a protected member _BROWSER_OPENED_MESSAGE of a client class (protected-access)
W:118, 0: Access to a protected member _GO_TO_LINK_MESSAGE of a client class (protected-access)
R:1012, 0: Too many branches (14/12) (too-many-branches)
R:2021, 0: Too few public methods (1/2) (too-few-public-methods)
R:2034, 0: Too few public methods (1/2) (too-few-public-methods)
R:2124, 0: Too many local variables (47/20) (too-many-locals)
E:2296,29: Module 'sys' has no '_MEIPASS' member (no-member)
W:2296,29: Access to a protected member _MEIPASS of a client class (protected-access)
R:2124, 0: Too many branches (64/12) (too-many-branches)
R:2124, 0: Too many statements (187/50) (too-many-statements)
R:2756, 0: Too many return statements (22/10) (too-many-return-statements)
R:2756, 0: Too many branches (24/12) (too-many-branches)
R:2858, 0: Too many branches (15/12) (too-many-branches)
W:2973, 6: Access to a protected member _http of a client class (protected-access)
R:2948, 0: Too many branches (33/12) (too-many-branches)
R:2948, 0: Too many statements (68/50) (too-many-statements)
W:3075, 9: Access to a protected member _http of a client class (protected-access)
W:3076, 8: Access to a protected member _http of a client class (protected-access)
R:3025, 0: Too many branches (22/12) (too-many-branches)
R:3025, 0: Too many statements (60/50) (too-many-statements)
E:3187,40: Module 'sys' has no '_MEIPASS' member (no-member)
W:3187,40: Access to a protected member _MEIPASS of a client class (protected-access)
W:3215,60: Access to a protected member _rootDesc of a client class (protected-access)
W:3241,56: Access to a protected member _rootDesc of a client class (protected-access)
R:3200, 0: Too many branches (15/12) (too-many-branches)
W:3254,26: Access to a protected member _rootDesc of a client class (protected-access)
W:3260,71: Access to a protected member _rootDesc of a client class (protected-access)
W:3262, 4: Access to a protected member _http of a client class (protected-access)
W:3308, 4: Access to a protected member _http of a client class (protected-access)
R:3569, 0: Too many local variables (48/20) (too-many-locals)
R:3572, 4: Too many nested blocks (6/5) (too-many-nested-blocks)
R:3588,15: Too many boolean expressions in if statement (6/5) (too-many-boolean-expressions)
R:3651,16: Too many boolean expressions in if statement (10/5) (too-many-boolean-expressions)
R:3631, 7: Too many nested blocks (6/5) (too-many-nested-blocks)
R:3695, 7: Too many nested blocks (6/5) (too-many-nested-blocks)
R:3759,13: Too many boolean expressions in if statement (6/5) (too-many-boolean-expressions)
R:3772, 7: Too many nested blocks (6/5) (too-many-nested-blocks)
R:3772, 7: Too many nested blocks (6/5) (too-many-nested-blocks)
R:3861, 7: Too many nested blocks (7/5) (too-many-nested-blocks)
R:3569, 0: Too many branches (89/12) (too-many-branches)
R:3569, 0: Too many statements (247/50) (too-many-statements)
R:3989, 0: Too many local variables (28/20) (too-many-locals)
R:4043, 2: Too many nested blocks (7/5) (too-many-nested-blocks)
R:4043, 2: Too many nested blocks (6/5) (too-many-nested-blocks)
R:4043, 2: Too many nested blocks (8/5) (too-many-nested-blocks)
R:3989, 0: Too many branches (34/12) (too-many-branches)
R:3989, 0: Too many statements (75/50) (too-many-statements)
R:4192, 2: Too many nested blocks (6/5) (too-many-nested-blocks)
R:4120, 0: Too many return statements (16/10) (too-many-return-statements)
R:4120, 0: Too many branches (40/12) (too-many-branches)
R:4120, 0: Too many statements (73/50) (too-many-statements)
R:4309, 0: Too many branches (28/12) (too-many-branches)
R:4309, 0: Too many statements (78/50) (too-many-statements)
R:4625, 2: Too many branches (13/12) (too-many-branches)
R:4591, 0: Too many statements (75/50) (too-many-statements)
R:4742, 0: Too many branches (19/12) (too-many-branches)
R:4781, 0: Too many branches (29/12) (too-many-branches)
R:4781, 0: Too many statements (60/50) (too-many-statements)
W:4906, 2: Using the global statement (global-statement)
R:4905, 0: Too many branches (14/12) (too-many-branches)
R:4960, 0: Too many branches (18/12) (too-many-branches)
R:4960, 0: Too many statements (51/50) (too-many-statements)
R:5118, 2: Too many nested blocks (7/5) (too-many-nested-blocks)
R:5118, 2: Too many nested blocks (6/5) (too-many-nested-blocks)
R:5086, 0: Too many branches (31/12) (too-many-branches)
R:5086, 0: Too many statements (85/50) (too-many-statements)
R:5221, 0: Too many branches (17/12) (too-many-branches)
R:5303, 0: Too many branches (14/12) (too-many-branches)
R:5385, 0: Too many branches (19/12) (too-many-branches)
R:5504, 2: Too many nested blocks (7/5) (too-many-nested-blocks)
R:5504, 2: Too many nested blocks (7/5) (too-many-nested-blocks)
R:5533, 2: Too many nested blocks (6/5) (too-many-nested-blocks)
R:5533, 2: Too many nested blocks (6/5) (too-many-nested-blocks)
R:5533, 2: Too many nested blocks (6/5) (too-many-nested-blocks)
R:5533, 2: Too many nested blocks (6/5) (too-many-nested-blocks)
R:5483, 0: Too many branches (36/12) (too-many-branches)
R:5483, 0: Too many statements (76/50) (too-many-statements)
R:5580, 0: Too few public methods (0/2) (too-few-public-methods)
R:5692,10: Too many boolean expressions in if statement (7/5) (too-many-boolean-expressions)
R:5864, 0: Too many local variables (34/20) (too-many-locals)
R:5908, 2: Too many nested blocks (8/5) (too-many-nested-blocks)
R:5864, 0: Too many branches (22/12) (too-many-branches)
R:5864, 0: Too many statements (106/50) (too-many-statements)
R:6073, 0: Too many branches (17/12) (too-many-branches)
R:6205, 0: Too many local variables (65/20) (too-many-locals)
R:6281, 2: Too many nested blocks (6/5) (too-many-nested-blocks)
R:6281, 2: Too many nested blocks (9/5) (too-many-nested-blocks)
R:6359, 7: Too many nested blocks (7/5) (too-many-nested-blocks)
R:6359, 7: Too many nested blocks (10/5) (too-many-nested-blocks)
R:6359, 7: Too many nested blocks (11/5) (too-many-nested-blocks)
R:6359, 7: Too many nested blocks (9/5) (too-many-nested-blocks)
R:6450, 4: Too many nested blocks (9/5) (too-many-nested-blocks)
R:6450, 4: Too many nested blocks (7/5) (too-many-nested-blocks)
R:6205, 0: Too many branches (118/12) (too-many-branches)
R:6205, 0: Too many statements (270/50) (too-many-statements)
R:6600, 0: Too many branches (15/12) (too-many-branches)
R:6662, 2: Too many nested blocks (6/5) (too-many-nested-blocks)
R:6648, 0: Too many branches (23/12) (too-many-branches)
R:6741, 0: Too many branches (24/12) (too-many-branches)
R:6741, 0: Too many statements (58/50) (too-many-statements)
R:6983, 0: Too many branches (17/12) (too-many-branches)
R:7412, 0: Too many branches (18/12) (too-many-branches)
R:7585, 0: Too many branches (15/12) (too-many-branches)
R:7912, 0: Too many branches (16/12) (too-many-branches)
R:7912, 0: Too many statements (51/50) (too-many-statements)
R:8018, 0: Too many branches (13/12) (too-many-branches)
R:8137, 0: Too many branches (25/12) (too-many-branches)
R:8137, 0: Too many statements (80/50) (too-many-statements)
W:8249,47: Unused argument 'response' (unused-argument)
W:8306,46: Unused argument 'response' (unused-argument)
R:8337, 0: Too many branches (24/12) (too-many-branches)
R:8337, 0: Too many statements (59/50) (too-many-statements)
R:8466, 0: Too many branches (21/12) (too-many-branches)
R:8466, 0: Too many statements (54/50) (too-many-statements)
R:8561, 0: Too many local variables (22/20) (too-many-locals)
R:8561, 0: Too many branches (19/12) (too-many-branches)
R:8561, 0: Too many statements (63/50) (too-many-statements)
R:8662, 0: Too many branches (25/12) (too-many-branches)
R:8662, 0: Too many statements (56/50) (too-many-statements)
R:8766, 0: Too many branches (19/12) (too-many-branches)
R:8766, 0: Too many statements (73/50) (too-many-statements)
R:8954, 0: Too many branches (19/12) (too-many-branches)
R:9239, 0: Too many branches (14/12) (too-many-branches)
R:9805, 2: Too many branches (50/12) (too-many-branches)
R:9805, 2: Too many statements (136/50) (too-many-statements)
R:9970, 2: Too many local variables (36/20) (too-many-locals)
R:9970, 2: Too many branches (27/12) (too-many-branches)
R:9970, 2: Too many statements (80/50) (too-many-statements)
R:10115, 2: Too many branches (16/12) (too-many-branches)
R:10306, 0: Too many branches (15/12) (too-many-branches)
R:10477, 0: Too many local variables (25/20) (too-many-locals)
R:10477, 0: Too many branches (20/12) (too-many-branches)
R:10477, 0: Too many statements (66/50) (too-many-statements)
R:10558, 0: Too many branches (15/12) (too-many-branches)
R:10640, 2: Too many nested blocks (6/5) (too-many-nested-blocks)
R:10640, 2: Too many nested blocks (6/5) (too-many-nested-blocks)
R:10624, 0: Too many branches (29/12) (too-many-branches)
R:10624, 0: Too many statements (61/50) (too-many-statements)
R:10700, 0: Too many local variables (23/20) (too-many-locals)
R:10700, 0: Too many branches (17/12) (too-many-branches)
R:10700, 0: Too many statements (55/50) (too-many-statements)
R:10775, 0: Too many local variables (36/20) (too-many-locals)
R:10803, 2: Too many nested blocks (6/5) (too-many-nested-blocks)
R:10803, 2: Too many nested blocks (9/5) (too-many-nested-blocks)
R:10803, 2: Too many nested blocks (9/5) (too-many-nested-blocks)
R:10803, 2: Too many nested blocks (7/5) (too-many-nested-blocks)
R:10803, 2: Too many nested blocks (6/5) (too-many-nested-blocks)
R:10775, 0: Too many branches (54/12) (too-many-branches)
R:10775, 0: Too many statements (122/50) (too-many-statements)
R:10945, 0: Too many local variables (30/20) (too-many-locals)
R:10945, 0: Too many branches (37/12) (too-many-branches)
R:10945, 0: Too many statements (113/50) (too-many-statements)
R:11131, 0: Too many statements (51/50) (too-many-statements)
R:11253, 0: Too many branches (14/12) (too-many-branches)
R:11307, 0: Too many local variables (22/20) (too-many-locals)
R:11339, 2: Too many nested blocks (6/5) (too-many-nested-blocks)
R:11307, 0: Too many branches (24/12) (too-many-branches)
R:11307, 0: Too many statements (63/50) (too-many-statements)
R:11441, 0: Too many branches (24/12) (too-many-branches)
R:11441, 0: Too many statements (69/50) (too-many-statements)
R:11629, 0: Too many local variables (35/20) (too-many-locals)
R:11689, 2: Too many nested blocks (6/5) (too-many-nested-blocks)
R:11689, 2: Too many nested blocks (8/5) (too-many-nested-blocks)
W:11762,27: Access to a protected member _http of a client class (protected-access)
R:11689, 2: Too many nested blocks (6/5) (too-many-nested-blocks)
R:11676, 8: Redefinition of downloadfile type from unicode to tuple (redefined-variable-type)
R:11629, 0: Too many branches (51/12) (too-many-branches)
R:11629, 0: Too many statements (135/50) (too-many-statements)
R:11819, 0: Too many branches (19/12) (too-many-branches)
W:11908,21: Access to a protected member _http of a client class (protected-access)
R:11932, 0: Too many local variables (43/20) (too-many-locals)
R:11933, 2: Too many branches (16/12) (too-many-branches)
R:11932, 0: Too many branches (59/12) (too-many-branches)
R:11932, 0: Too many statements (170/50) (too-many-statements)
R:12171, 0: Too many local variables (39/20) (too-many-locals)
R:12171, 0: Too many branches (34/12) (too-many-branches)
R:12171, 0: Too many statements (113/50) (too-many-statements)
R:12521, 0: Too many local variables (24/20) (too-many-locals)
R:12551, 2: Too many nested blocks (6/5) (too-many-nested-blocks)
R:12551, 2: Too many nested blocks (8/5) (too-many-nested-blocks)
R:12521, 0: Too many branches (28/12) (too-many-branches)
R:12521, 0: Too many statements (72/50) (too-many-statements)
R:12815, 0: Too many local variables (49/20) (too-many-locals)
W:12876,43: Unused argument 'response' (unused-argument)
W:12926,46: Unused argument 'response' (unused-argument)
W:12977,46: Unused argument 'response' (unused-argument)
R:12815, 0: Too many branches (49/12) (too-many-branches)
R:12815, 0: Too many statements (171/50) (too-many-statements)
R:13239, 0: Too many local variables (35/20) (too-many-locals)
R:13315, 2: Too many nested blocks (6/5) (too-many-nested-blocks)
R:13315, 2: Too many nested blocks (6/5) (too-many-nested-blocks)
R:13315, 2: Too many nested blocks (6/5) (too-many-nested-blocks)
R:13239, 0: Too many branches (63/12) (too-many-branches)
R:13239, 0: Too many statements (146/50) (too-many-statements)
R:13477, 0: Too many local variables (56/20) (too-many-locals)
R:13479, 2: Too many branches (38/12) (too-many-branches)
R:13479, 2: Too many statements (75/50) (too-many-statements)
R:13477, 0: Too many branches (73/12) (too-many-branches)
R:13477, 0: Too many statements (218/50) (too-many-statements)
R:13871, 0: Too many arguments (11/10) (too-many-arguments)
R:13882,15: Too many boolean expressions in if statement (6/5) (too-many-boolean-expressions)
R:13872, 2: Too many nested blocks (6/5) (too-many-nested-blocks)
R:13872, 2: Too many nested blocks (6/5) (too-many-nested-blocks)
R:13895,15: Too many boolean expressions in if statement (6/5) (too-many-boolean-expressions)
R:13872, 2: Too many nested blocks (6/5) (too-many-nested-blocks)
R:13872, 2: Too many nested blocks (6/5) (too-many-nested-blocks)
R:13871, 0: Too many branches (24/12) (too-many-branches)
R:13938, 0: Too many local variables (37/20) (too-many-locals)
R:14048, 2: Too many nested blocks (6/5) (too-many-nested-blocks)
R:14048, 2: Too many nested blocks (6/5) (too-many-nested-blocks)
R:14048, 2: Too many nested blocks (6/5) (too-many-nested-blocks)
R:14004, 6: Redefinition of entityList type from list to collections.deque (redefined-variable-type)
R:13938, 0: Too many branches (61/12) (too-many-branches)
R:13938, 0: Too many statements (155/50) (too-many-statements)
R:14112, 0: Too many branches (27/12) (too-many-branches)
R:14112, 0: Too many statements (80/50) (too-many-statements)
R:14217, 0: Too many branches (22/12) (too-many-branches)
R:14217, 0: Too many statements (56/50) (too-many-statements)
R:14292, 0: Too many branches (16/12) (too-many-branches)
R:14632, 0: Too many branches (16/12) (too-many-branches)
R:14809, 0: Too many branches (13/12) (too-many-branches)
R:15004, 0: Too many local variables (23/20) (too-many-locals)
R:15065, 2: Too many nested blocks (6/5) (too-many-nested-blocks)
R:15065, 2: Too many nested blocks (6/5) (too-many-nested-blocks)
R:15004, 0: Too many branches (44/12) (too-many-branches)
R:15004, 0: Too many statements (95/50) (too-many-statements)
R:15217, 0: Too many arguments (11/10) (too-many-arguments)
R:15384, 2: Too many nested blocks (7/5) (too-many-nested-blocks)
R:15384, 2: Too many nested blocks (7/5) (too-many-nested-blocks)
R:15383, 0: Too many branches (21/12) (too-many-branches)
R:15540, 0: Too many branches (14/12) (too-many-branches)
R:15585, 0: Too many branches (36/12) (too-many-branches)
R:15585, 0: Too many statements (90/50) (too-many-statements)
R:15704, 2: Too many nested blocks (6/5) (too-many-nested-blocks)
R:15704, 2: Too many nested blocks (7/5) (too-many-nested-blocks)
R:15692, 0: Too many branches (30/12) (too-many-branches)
R:15692, 0: Too many statements (58/50) (too-many-statements)
R:15783, 2: Too many nested blocks (6/5) (too-many-nested-blocks)
R:15783, 2: Too many nested blocks (7/5) (too-many-nested-blocks)
R:15769, 0: Too many branches (29/12) (too-many-branches)
R:15769, 0: Too many statements (55/50) (too-many-statements)
R:15901, 0: Too many arguments (11/10) (too-many-arguments)
R:16058, 2: Too many nested blocks (6/5) (too-many-nested-blocks)
R:16058, 2: Too many nested blocks (6/5) (too-many-nested-blocks)
R:16056, 0: Too many branches (13/12) (too-many-branches)
R:16448, 2: Too many nested blocks (6/5) (too-many-nested-blocks)
R:16448, 2: Too many nested blocks (6/5) (too-many-nested-blocks)
R:16412, 0: Too many branches (30/12) (too-many-branches)
R:16412, 0: Too many statements (72/50) (too-many-statements)
R:16653, 0: Too many branches (23/12) (too-many-branches)
R:16653, 0: Too many statements (59/50) (too-many-statements)
R:16720, 0: Too many local variables (28/20) (too-many-locals)
R:16720, 0: Too many branches (37/12) (too-many-branches)
R:16720, 0: Too many statements (109/50) (too-many-statements)
R:16912, 0: Too many local variables (23/20) (too-many-locals)
R:16912, 0: Too many branches (25/12) (too-many-branches)
R:16912, 0: Too many statements (69/50) (too-many-statements)
R:17098, 0: Too many branches (18/12) (too-many-branches)
R:17098, 0: Too many statements (63/50) (too-many-statements)
R:17667, 0: Too many local variables (29/20) (too-many-locals)
R:17679, 2: Too many branches (13/12) (too-many-branches)
R:17667, 0: Too many branches (33/12) (too-many-branches)
R:17667, 0: Too many statements (92/50) (too-many-statements)
R:17843, 0: Too many local variables (35/20) (too-many-locals)
R:17866, 2: Too many nested blocks (7/5) (too-many-nested-blocks)
R:17866, 2: Too many nested blocks (6/5) (too-many-nested-blocks)
R:17843, 0: Too many branches (30/12) (too-many-branches)
R:17843, 0: Too many statements (97/50) (too-many-statements)
R:17978, 0: Too many local variables (25/20) (too-many-locals)
R:17978, 0: Too many branches (18/12) (too-many-branches)
R:17978, 0: Too many statements (51/50) (too-many-statements)
R:18135, 0: Too many local variables (43/20) (too-many-locals)
R:18240, 2: Too many nested blocks (6/5) (too-many-nested-blocks)
R:18240, 2: Too many nested blocks (7/5) (too-many-nested-blocks)
R:18135, 0: Too many branches (126/12) (too-many-branches)
R:18135, 0: Too many statements (335/50) (too-many-statements)
R:18642,13: Too many boolean expressions in if statement (7/5) (too-many-boolean-expressions)
R:18605, 0: Too many branches (19/12) (too-many-branches)
R:18605, 0: Too many statements (56/50) (too-many-statements)
R:18718, 2: Too many nested blocks (6/5) (too-many-nested-blocks)
R:18707, 0: Too many branches (15/12) (too-many-branches)
R:18707, 0: Too many statements (52/50) (too-many-statements)
R:18979, 0: Too many local variables (53/20) (too-many-locals)
W:18997,26: Unused argument 'request_id' (unused-argument)
R:19062, 2: Too many nested blocks (6/5) (too-many-nested-blocks)
R:19062, 2: Too many nested blocks (8/5) (too-many-nested-blocks)
R:19062, 2: Too many nested blocks (6/5) (too-many-nested-blocks)
R:19062, 2: Too many nested blocks (9/5) (too-many-nested-blocks)
R:19062, 2: Too many nested blocks (8/5) (too-many-nested-blocks)
R:19062, 2: Too many nested blocks (8/5) (too-many-nested-blocks)
R:19062, 2: Too many nested blocks (6/5) (too-many-nested-blocks)
R:19062, 2: Too many nested blocks (8/5) (too-many-nested-blocks)
R:19062, 2: Too many nested blocks (7/5) (too-many-nested-blocks)
R:19062, 2: Too many nested blocks (9/5) (too-many-nested-blocks)
R:19062, 2: Too many nested blocks (9/5) (too-many-nested-blocks)
R:19062, 2: Too many nested blocks (9/5) (too-many-nested-blocks)
R:19062, 2: Too many nested blocks (8/5) (too-many-nested-blocks)
R:19062, 2: Too many nested blocks (6/5) (too-many-nested-blocks)
R:18979, 0: Too many branches (121/12) (too-many-branches)
R:18979, 0: Too many statements (288/50) (too-many-statements)
R:19347, 0: Too many local variables (50/20) (too-many-locals)
R:19347, 0: Too many branches (52/12) (too-many-branches)
R:19347, 0: Too many statements (161/50) (too-many-statements)
R:19733, 0: Too many branches (14/12) (too-many-branches)
R:19782, 0: Too many local variables (28/20) (too-many-locals)
R:19782, 0: Too many branches (27/12) (too-many-branches)
R:19782, 0: Too many statements (88/50) (too-many-statements)
W:20008, 4: Access to a protected member _http of a client class (protected-access)
R:20109, 0: Too many local variables (22/20) (too-many-locals)
R:20109, 0: Too many branches (19/12) (too-many-branches)
R:20109, 0: Too many statements (53/50) (too-many-statements)
R:20338, 0: Too many branches (30/12) (too-many-branches)
R:20338, 0: Too many statements (52/50) (too-many-statements)
R:20414, 0: Too many branches (13/12) (too-many-branches)
R:20484, 2: Too many nested blocks (6/5) (too-many-nested-blocks)
R:20484, 2: Too many nested blocks (6/5) (too-many-nested-blocks)
R:20484, 2: Too many nested blocks (8/5) (too-many-nested-blocks)
R:20484, 2: Too many nested blocks (8/5) (too-many-nested-blocks)
R:20460, 0: Too many branches (35/12) (too-many-branches)
R:20460, 0: Too many statements (84/50) (too-many-statements)
R:20633, 0: Too many local variables (28/20) (too-many-locals)
R:20633, 0: Too many branches (40/12) (too-many-branches)
R:20633, 0: Too many statements (121/50) (too-many-statements)
R:20799, 0: Too many local variables (30/20) (too-many-locals)
R:20799, 0: Too many branches (25/12) (too-many-branches)
R:20799, 0: Too many statements (81/50) (too-many-statements)
R:20951, 0: Too many local variables (30/20) (too-many-locals)
R:20951, 0: Too many branches (24/12) (too-many-branches)
R:20951, 0: Too many statements (79/50) (too-many-statements)
R:21085, 0: Too many local variables (39/20) (too-many-locals)
R:21085, 0: Too many branches (37/12) (too-many-branches)
R:21085, 0: Too many statements (122/50) (too-many-statements)
R:21233, 0: Too many local variables (21/20) (too-many-locals)
R:21233, 0: Too many branches (25/12) (too-many-branches)
R:21233, 0: Too many statements (55/50) (too-many-statements)
W:21307,51: Unused argument 'response' (unused-argument)
W:21357,56: Unused argument 'response' (unused-argument)
W:21488,43: Unused argument 'getEntityListArg' (unused-argument)
W:21589,14: Access to a protected member _http of a client class (protected-access)
R:21901, 0: Too many branches (17/12) (too-many-branches)
R:22077, 0: Too many local variables (22/20) (too-many-locals)
R:22109, 2: Too many nested blocks (6/5) (too-many-nested-blocks)
W:22144,21: Access to a protected member _http of a client class (protected-access)
R:22109, 2: Too many nested blocks (6/5) (too-many-nested-blocks)
R:22077, 0: Too many branches (26/12) (too-many-branches)
R:22077, 0: Too many statements (63/50) (too-many-statements)
R:22191, 2: Too many nested blocks (6/5) (too-many-nested-blocks)
R:22160, 0: Too many branches (24/12) (too-many-branches)
R:22160, 0: Too many statements (61/50) (too-many-statements)
W:22268,16: Access to a protected member _http of a client class (protected-access)
R:22445, 0: Too many branches (16/12) (too-many-branches)
R:22487, 0: Too many branches (18/12) (too-many-branches)
R:22778, 0: Too many local variables (25/20) (too-many-locals)
R:22820, 2: Too many nested blocks (7/5) (too-many-nested-blocks)
R:22820, 2: Too many nested blocks (7/5) (too-many-nested-blocks)
R:22778, 0: Too many branches (34/12) (too-many-branches)
R:22778, 0: Too many statements (79/50) (too-many-statements)
R:22884, 0: Too many branches (19/12) (too-many-branches)
R:23037, 0: Too many branches (21/12) (too-many-branches)
R:23037, 0: Too many statements (64/50) (too-many-statements)
R:23210, 0: Too many local variables (31/20) (too-many-locals)
R:23242, 2: Too many nested blocks (7/5) (too-many-nested-blocks)
R:23242, 2: Too many nested blocks (6/5) (too-many-nested-blocks)
R:23210, 0: Too many branches (31/12) (too-many-branches)
R:23210, 0: Too many statements (89/50) (too-many-statements)
R:23443, 0: Too many branches (14/12) (too-many-branches)
R:23699, 0: Too many branches (25/12) (too-many-branches)
R:23699, 0: Too many statements (64/50) (too-many-statements)
R:23836, 0: Too many local variables (24/20) (too-many-locals)
R:23836, 0: Too many branches (29/12) (too-many-branches)
R:23836, 0: Too many statements (90/50) (too-many-statements)
R:24275, 0: Too many local variables (27/20) (too-many-locals)
R:24275, 0: Too many branches (26/12) (too-many-branches)
R:24275, 0: Too many statements (76/50) (too-many-statements)
R:24360, 0: Too many branches (13/12) (too-many-branches)
R:24396, 0: Too many local variables (21/20) (too-many-locals)
R:24405, 2: Too many nested blocks (6/5) (too-many-nested-blocks)
R:24405, 2: Too many nested blocks (6/5) (too-many-nested-blocks)
R:24405, 2: Too many nested blocks (6/5) (too-many-nested-blocks)
R:24396, 0: Too many branches (33/12) (too-many-branches)
R:24396, 0: Too many statements (68/50) (too-many-statements)
R:24477, 0: Too many local variables (23/20) (too-many-locals)
R:24477, 0: Too many branches (23/12) (too-many-branches)
R:24477, 0: Too many statements (67/50) (too-many-statements)
R:24553, 0: Too many branches (49/12) (too-many-branches)
R:24553, 0: Too many statements (81/50) (too-many-statements)
R:24678, 0: Too many local variables (34/20) (too-many-locals)
R:24715, 2: Too many nested blocks (7/5) (too-many-nested-blocks)
R:24715, 2: Too many nested blocks (7/5) (too-many-nested-blocks)
R:24715, 2: Too many nested blocks (6/5) (too-many-nested-blocks)
R:24678, 0: Too many branches (35/12) (too-many-branches)
R:24678, 0: Too many statements (85/50) (too-many-statements)
R:24877, 0: Too many local variables (52/20) (too-many-locals)
R:24899, 4: Too many nested blocks (9/5) (too-many-nested-blocks)
R:24890, 2: Too many branches (27/12) (too-many-branches)
R:25092, 2: Too many nested blocks (7/5) (too-many-nested-blocks)
R:25092, 2: Too many nested blocks (6/5) (too-many-nested-blocks)
R:25092, 2: Too many nested blocks (6/5) (too-many-nested-blocks)
R:24877, 0: Too many branches (79/12) (too-many-branches)
R:24877, 0: Too many statements (233/50) (too-many-statements)
R:25198, 0: Too many local variables (26/20) (too-many-locals)
R:25219, 2: Too many nested blocks (7/5) (too-many-nested-blocks)
R:25198, 0: Too many branches (19/12) (too-many-branches)
R:25198, 0: Too many statements (55/50) (too-many-statements)
R:25269, 0: Too many local variables (22/20) (too-many-locals)
R:25269, 0: Too many branches (29/12) (too-many-branches)
R:25269, 0: Too many statements (73/50) (too-many-statements)
R:25374, 0: Too many local variables (37/20) (too-many-locals)
R:25484, 2: Too many nested blocks (6/5) (too-many-nested-blocks)
R:25374, 0: Too many branches (42/12) (too-many-branches)
R:25374, 0: Too many statements (132/50) (too-many-statements)
R:25563, 0: Too many branches (18/12) (too-many-branches)
R:25631, 0: Too many local variables (21/20) (too-many-locals)
R:25631, 0: Too many branches (23/12) (too-many-branches)
R:25631, 0: Too many statements (70/50) (too-many-statements)
R:25869, 0: Too many arguments (13/10) (too-many-arguments)
R:25899, 0: Too many arguments (12/10) (too-many-arguments)
R:26015, 0: Too many local variables (37/20) (too-many-locals)
R:26016, 2: Too many arguments (11/10) (too-many-arguments)
R:26016, 2: Too many local variables (25/20) (too-many-locals)
R:26029, 4: Too many nested blocks (7/5) (too-many-nested-blocks)
R:26029, 4: Too many nested blocks (6/5) (too-many-nested-blocks)
R:26016, 2: Too many branches (20/12) (too-many-branches)
R:26016, 2: Too many statements (53/50) (too-many-statements)
R:26174,14: Too many boolean expressions in if statement (7/5) (too-many-boolean-expressions)
R:26140, 2: Too many nested blocks (6/5) (too-many-nested-blocks)
R:26140, 2: Too many nested blocks (6/5) (too-many-nested-blocks)
R:26140, 2: Too many nested blocks (7/5) (too-many-nested-blocks)
R:26140, 2: Too many nested blocks (7/5) (too-many-nested-blocks)
R:26015, 0: Too many branches (53/12) (too-many-branches)
R:26015, 0: Too many statements (190/50) (too-many-statements)
R:26253, 0: Too many local variables (33/20) (too-many-locals)
R:26254, 2: Too many local variables (22/20) (too-many-locals)
R:26254, 2: Too many branches (15/12) (too-many-branches)
R:26254, 2: Too many statements (54/50) (too-many-statements)
R:26351, 2: Too many nested blocks (6/5) (too-many-nested-blocks)
R:26351, 2: Too many nested blocks (6/5) (too-many-nested-blocks)
R:26253, 0: Too many branches (31/12) (too-many-branches)
R:26253, 0: Too many statements (149/50) (too-many-statements)
R:26547, 0: Too many local variables (41/20) (too-many-locals)
R:26581, 2: Too many nested blocks (6/5) (too-many-nested-blocks)
R:26581, 2: Too many nested blocks (6/5) (too-many-nested-blocks)
R:26581, 2: Too many nested blocks (7/5) (too-many-nested-blocks)
R:26547, 0: Too many branches (38/12) (too-many-branches)
R:26547, 0: Too many statements (115/50) (too-many-statements)
R:26674, 0: Too many local variables (29/20) (too-many-locals)
R:26674, 0: Too many branches (21/12) (too-many-branches)
R:26674, 0: Too many statements (70/50) (too-many-statements)
R:26777, 0: Too many local variables (68/20) (too-many-locals)
R:26833, 2: Too many branches (36/12) (too-many-branches)
R:26833, 2: Too many statements (92/50) (too-many-statements)
R:26945, 2: Too many branches (38/12) (too-many-branches)
R:26945, 2: Too many statements (93/50) (too-many-statements)
R:27322, 2: Too many nested blocks (6/5) (too-many-nested-blocks)
R:26777, 0: Too many branches (52/12) (too-many-branches)
R:26777, 0: Too many statements (181/50) (too-many-statements)
R:27439, 0: Too many local variables (40/20) (too-many-locals)
R:27439, 0: Too many branches (45/12) (too-many-branches)
R:27439, 0: Too many statements (154/50) (too-many-statements)
R:27631, 0: Too many local variables (54/20) (too-many-locals)
R:27751, 2: Too many nested blocks (6/5) (too-many-nested-blocks)
R:27751, 2: Too many nested blocks (6/5) (too-many-nested-blocks)
R:27631, 0: Too many branches (62/12) (too-many-branches)
R:27631, 0: Too many statements (211/50) (too-many-statements)
R:27908, 2: Too many nested blocks (7/5) (too-many-nested-blocks)
R:28029, 0: Too many local variables (24/20) (too-many-locals)
R:28029, 0: Too many branches (26/12) (too-many-branches)
R:28029, 0: Too many statements (75/50) (too-many-statements)
R:28113, 0: Too many local variables (23/20) (too-many-locals)
R:28113, 0: Too many branches (19/12) (too-many-branches)
R:28113, 0: Too many statements (54/50) (too-many-statements)
R:28177, 0: Too many local variables (27/20) (too-many-locals)
W:28203,44: Unused argument 'response' (unused-argument)
R:28177, 0: Too many branches (17/12) (too-many-branches)
R:28177, 0: Too many statements (80/50) (too-many-statements)
R:28343, 0: Too many local variables (22/20) (too-many-locals)
W:28345,46: Unused argument 'response' (unused-argument)
R:28343, 0: Too many statements (69/50) (too-many-statements)
R:28427, 0: Too many branches (15/12) (too-many-branches)
R:28478, 0: Too many local variables (32/20) (too-many-locals)
R:28512, 2: Too many nested blocks (7/5) (too-many-nested-blocks)
R:28512, 2: Too many nested blocks (7/5) (too-many-nested-blocks)
R:28512, 2: Too many nested blocks (6/5) (too-many-nested-blocks)
R:28478, 0: Too many branches (37/12) (too-many-branches)
R:28478, 0: Too many statements (94/50) (too-many-statements)
W:28665,43: Unused argument 'response' (unused-argument)
W:28725,48: Unused argument 'response' (unused-argument)
R:28863, 0: Too many branches (18/12) (too-many-branches)
R:28863, 0: Too many statements (54/50) (too-many-statements)
R:28941, 0: Too many branches (13/12) (too-many-branches)
R:29017, 0: Too many local variables (22/20) (too-many-locals)
R:29017, 0: Too many branches (21/12) (too-many-branches)
R:29017, 0: Too many statements (65/50) (too-many-statements)
R:29099, 0: Too many branches (13/12) (too-many-branches)
R:29147, 0: Too many branches (13/12) (too-many-branches)
R:29215, 0: Too many branches (15/12) (too-many-branches)
R:29408, 0: Too many local variables (23/20) (too-many-locals)
R:29442, 2: Too many nested blocks (6/5) (too-many-nested-blocks)
R:29408, 0: Too many branches (26/12) (too-many-branches)
R:29408, 0: Too many statements (69/50) (too-many-statements)
R:29529, 0: Too many local variables (22/20) (too-many-locals)
R:29567, 2: Too many nested blocks (7/5) (too-many-nested-blocks)
R:29529, 0: Too many branches (22/12) (too-many-branches)
R:29529, 0: Too many statements (64/50) (too-many-statements)
R:29771, 2: Too many branches (16/12) (too-many-branches)
R:29888, 0: Too many branches (22/12) (too-many-branches)
R:29888, 0: Too many statements (77/50) (too-many-statements)
R:29973, 0: Too many branches (13/12) (too-many-branches)
R:30016, 0: Too many local variables (27/20) (too-many-locals)
R:30016, 0: Too many branches (25/12) (too-many-branches)
R:30016, 0: Too many statements (75/50) (too-many-statements)
R:30110, 0: Too many local variables (22/20) (too-many-locals)
W:30115,39: Unused argument 'response' (unused-argument)
R:30110, 0: Too many branches (19/12) (too-many-branches)
R:30110, 0: Too many statements (61/50) (too-many-statements)
R:30190, 0: Too many local variables (27/20) (too-many-locals)
R:30271, 2: Too many nested blocks (7/5) (too-many-nested-blocks)
R:30190, 0: Too many branches (29/12) (too-many-branches)
R:30190, 0: Too many statements (71/50) (too-many-statements)
R:30434, 0: Too many branches (17/12) (too-many-branches)
R:30434, 0: Too many statements (65/50) (too-many-statements)
R:30511, 0: Too many local variables (27/20) (too-many-locals)
W:30537,42: Unused argument 'response' (unused-argument)
R:30511, 0: Too many branches (22/12) (too-many-branches)
R:30511, 0: Too many statements (87/50) (too-many-statements)
R:30780, 0: Too many local variables (59/20) (too-many-locals)
R:30926, 8: Redefinition of message type from email.mime.multipart.MIMEMultipart to email.mime.text.MIMEText (redefined-variable-type)
R:30907,12: Redefinition of msg type from email.mime.text.MIMEText to email.mime.image.MIMEImage (redefined-variable-type)
R:30780, 0: Too many branches (53/12) (too-many-branches)
R:30780, 0: Too many statements (163/50) (too-many-statements)
R:30978, 0: Too many local variables (50/20) (too-many-locals)
R:31005, 4: Too many nested blocks (6/5) (too-many-nested-blocks)
R:31003, 2: Too many branches (13/12) (too-many-branches)
R:31039, 4: Too many nested blocks (8/5) (too-many-nested-blocks)
R:31098, 2: Too many branches (14/12) (too-many-branches)
R:30978, 0: Too many branches (47/12) (too-many-branches)
R:30978, 0: Too many statements (125/50) (too-many-statements)
R:31380, 0: Too many local variables (29/20) (too-many-locals)
W:31405,25: Access to a protected member _http of a client class (protected-access)
R:31388, 2: Too many nested blocks (7/5) (too-many-nested-blocks)
R:31380, 0: Too many branches (16/12) (too-many-branches)
R:31380, 0: Too many statements (55/50) (too-many-statements)
R:31511, 0: Too many local variables (26/20) (too-many-locals)
R:31511, 0: Too many branches (16/12) (too-many-branches)
R:31511, 0: Too many statements (57/50) (too-many-statements)
R:31604, 0: Too many branches (15/12) (too-many-branches)
R:31633, 0: Too many branches (15/12) (too-many-branches)
R:31697, 0: Too many branches (27/12) (too-many-branches)
R:31697, 0: Too many statements (67/50) (too-many-statements)
R:31830, 0: Too many branches (18/12) (too-many-branches)
R:32086, 0: Too many branches (14/12) (too-many-branches)
R:32325, 0: Too many branches (13/12) (too-many-branches)
R:32422, 2: Too many nested blocks (6/5) (too-many-nested-blocks)
R:32408, 0: Too many branches (16/12) (too-many-branches)
R:32535, 0: Too many branches (13/12) (too-many-branches)
R:32609, 0: Too many local variables (22/20) (too-many-locals)
R:32623, 2: Too many nested blocks (6/5) (too-many-nested-blocks)
R:32623, 2: Too many nested blocks (6/5) (too-many-nested-blocks)
R:32609, 0: Too many branches (22/12) (too-many-branches)
R:32609, 0: Too many statements (66/50) (too-many-statements)
R:32694, 0: Too many branches (15/12) (too-many-branches)
R:32814, 0: Too many branches (25/12) (too-many-branches)
R:32814, 0: Too many statements (61/50) (too-many-statements)
R:32879, 0: Too many statements (56/50) (too-many-statements)
W:33957, 9: Catching too general exception Exception (broad-except)
R:33864, 0: Too many branches (28/12) (too-many-branches)
R:33864, 0: Too many statements (104/50) (too-many-statements)


Report
======
25613 statements analysed.

Statistics by type
------------------

+---------+-------+-----------+-----------+------------+---------+
|type     |number |old number |difference |%documented |%badname |
+=========+=======+===========+===========+============+=========+
|module   |1      |1          |=          |100.00      |0.00     |
+---------+-------+-----------+-----------+------------+---------+
|class    |9      |5          |+4.00      |100.00      |22.22    |
+---------+-------+-----------+-----------+------------+---------+
|method   |33     |23         |+10.00     |100.00      |42.42    |
+---------+-------+-----------+-----------+------------+---------+
|function |1295   |1346       |-51.00     |100.00      |99.15    |
+---------+-------+-----------+-----------+------------+---------+



External dependencies
---------------------
::

    atom (gam)
    dns 
      \-resolver (gam)
    gdata 
      \-apps 
        \-adminsettings 
        | \-service (gam)
        \-audit 
        | \-service (gam)
        \-contacts (gam)
        | \-service (gam)
        \-emailsettings 
        | \-service (gam)
        \-service (gam)
        \-sites (gam)
          \-service (gam)
    google 
      \-oauth2 
        \-service_account (gam)
    google_auth_httplib2 (gam)
    googleapiclient (gam)
      \-discovery (gam)
      \-errors (gam)
      \-http (gam)
    httplib2 (gam)
    iso8601 
      \-iso8601 (gam)
    oauth2client 
      \-client (gam)
      \-contrib 
      | \-dictionary_storage (gam)
      | \-multiprocess_file_storage (gam)
      \-file (gam)
      \-tools (gam)
    passlib 
      \-handlers 
        \-sha2_crypt (gam)



Raw metrics
-----------

+----------+-------+------+---------+-----------+
|type      |number |%     |previous |difference |
+==========+=======+======+=========+===========+
|code      |29323  |86.13 |30410    |-1087.00   |
+----------+-------+------+---------+-----------+
|docstring |2123   |6.24  |2175     |-52.00     |
+----------+-------+------+---------+-----------+
|comment   |918    |2.70  |945      |-27.00     |
+----------+-------+------+---------+-----------+
|empty     |1680   |4.93  |1725     |-45.00     |
+----------+-------+------+---------+-----------+



Duplication
-----------

+-------------------------+------+---------+-----------+
|                         |now   |previous |difference |
+=========================+======+=========+===========+
|nb duplicated lines      |0     |0        |=          |
+-------------------------+------+---------+-----------+
|percent duplicated lines |0.000 |0.000    |=          |
+-------------------------+------+---------+-----------+



Messages by category
--------------------

+-----------+-------+---------+-----------+
|type       |number |previous |difference |
+===========+=======+=========+===========+
|convention |20     |27       |-7.00      |
+-----------+-------+---------+-----------+
|refactor   |528    |551      |-23.00     |
+-----------+-------+---------+-----------+
|warning    |38     |39       |-1.00      |
+-----------+-------+---------+-----------+
|error      |2      |11       |-9.00      |
+-----------+-------+---------+-----------+



Messages
--------

+-----------------------------+------------+
|message id                   |occurrences |
+=============================+============+
|too-many-branches            |177         |
+-----------------------------+------------+
|too-many-nested-blocks       |132         |
+-----------------------------+------------+
|too-many-statements          |121         |
+-----------------------------+------------+
|too-many-locals              |75          |
+-----------------------------+------------+
|protected-access             |21          |
+-----------------------------+------------+
|line-too-long                |19          |
+-----------------------------+------------+
|unused-argument              |15          |
+-----------------------------+------------+
|too-many-boolean-expressions |8           |
+-----------------------------+------------+
|too-many-arguments           |6           |
+-----------------------------+------------+
|redefined-variable-type      |4           |
+-----------------------------+------------+
|too-few-public-methods       |3           |
+-----------------------------+------------+
|too-many-return-statements   |2           |
+-----------------------------+------------+
|no-member                    |2           |
+-----------------------------+------------+
|too-many-lines               |1           |
+-----------------------------+------------+
|global-statement             |1           |
+-----------------------------+------------+
|broad-except                 |1           |
+-----------------------------+------------+



Global evaluation
-----------------
Your code has been rated at 9.77/10 (previous run: 9.75/10, +0.02)

